
> greensmil@0.1.0 build
> next build

   ▲ Next.js 15.5.6
   - Environments: .env.local, .env
   - Experiments (use with caution):
     · serverActions

   Creating an optimized production build ...
Failed to compile.

./src/actions/deployment-actions.ts
Error:   [31mx[0m Server Actions must be async functions.

     ,-[[36;1;4m/home/smilen/Projects/greensmil/src/actions/deployment-actions.ts[0m:108:1]
 [2m105[0m | /**
 [2m106[0m |  * Format duration from seconds to human-readable string
 [2m107[0m |  */
 [2m108[0m | export function formatDuration(seconds: number): string {
     : [35;1m                ^^^^^^^^^^^^^^[0m
 [2m109[0m |   const minutes = Math.floor(seconds / 60);
 [2m110[0m |   const remainingSeconds = seconds % 60;
     `----

Import trace for requested module:
./src/actions/deployment-actions.ts
./src/components/admin/deployment-status.tsx


> Build failed because of webpack errors
